Source path: src/simple.test.clunk
import stdlib/assertions.assertThat;
import stdlib/matchers.equalTo;

test "assert False" {
    assertThat(false, equalTo(true));
}


==============

Output path: simple_test.py
from precisely import assert_that
from precisely import equal_to

def test_assert_false():
    assert_that(False, equal_to(True))


==============

============================= test session starts ==============================
rootdir: ROOTDIR, configfile: tox.ini
collected 1 item

simple_test.py F                                                         [100%]

=================================== FAILURES ===================================
______________________________ test_assert_false _______________________________
simple_test.py:5: in test_assert_false
    assert_that(False, equal_to(True))
SITE-PACKAGES/precisely/__init__.py:50: in assert_that
    raise AssertionError("\nExpected:{0}\nbut:{1}".format(
E   AssertionError: 
E   Expected:
E     True
E   but:
E     was False
=========================== short test summary info ============================
FAILED simple_test.py::test_assert_false - AssertionError: 
============================== 1 failed in TIME ===============================