Source path: src/records.test.clunk
import stdlib/assertions.assertThat;
import stdlib/matchers.equalTo;

record Add(left: Int, right: Int) {
    property sum: Int {
        return left + right;
    }
}

test "assert field" {
    var add = Add(2, 3);

    assertThat(add.left, equalTo(2));
    assertThat(add.right, equalTo(3));
}

test "assert sum" {
    var add = Add(2, 3);

    var result = add.sum;

    assertThat(result, equalTo(5));
}


==============

Output path: records/Add.java
package records;

public record Add(int left, int right) {
    public int sum() {
        return left() + right();
    }
}

==============

Output path: records/RecordsTests.java
package records;

import records.Add;
import static org.zwobble.precisely.Matchers.equalTo;
import static org.zwobble.precisely.AssertThat.assertThat;

public class RecordsTests {
    @org.junit.jupiter.api.Test
    @org.junit.jupiter.api.DisplayName("assert field")
    public void assertField() {
        var add = new Add(2, 3);

        assertThat(add.left(), equalTo(2));
        assertThat(add.right(), equalTo(3));
    }
    @org.junit.jupiter.api.Test
    @org.junit.jupiter.api.DisplayName("assert sum")
    public void assertSum() {
        var add = new Add(2, 3);

        var result = add.sum();

        assertThat(result, equalTo(5));
    }
}

==============

╷
├─ JUnit Jupiter ✔
│  └─ RecordsTests ✔
│     ├─ assert field ✔
│     └─ assert sum ✔
└─ JUnit Vintage ✔

Test run finished after TIME ms
[         3 containers found      ]
[         0 containers skipped    ]
[         3 containers started    ]
[         0 containers aborted    ]
[         3 containers successful ]
[         0 containers failed     ]
[         2 tests found           ]
[         0 tests skipped         ]
[         2 tests started         ]
[         0 tests aborted         ]
[         2 tests successful      ]
[         0 tests failed          ]
