Source path: src/simple.test.clunk
import stdlib/assertions.assertThat;
import stdlib/matchers.equalTo;

test "assert False" {
    assertThat(false, equalTo(true));
}


==============

Output path: com/example/prefix/simple/SimpleTests.java
package com.example.prefix.simple;

import static org.zwobble.precisely.Matchers.equalTo;
import static org.zwobble.precisely.AssertThat.assertThat;

public class SimpleTests {
    @org.junit.jupiter.api.Test
    @org.junit.jupiter.api.DisplayName("assert False")
    public void assertFalse() {
        assertThat(false, equalTo(true));
    }
}

==============

╷
├─ JUnit Jupiter ✔
│  └─ SimpleTests ✔
│     └─ assert False ✘ 
│              Expected:
│                true
│              but:
│                was false
└─ JUnit Vintage ✔

Failures (1):
  JUnit Jupiter:SimpleTests:assert False
    MethodSource [className = 'com.example.prefix.simple.SimpleTests', methodName = 'assertFalse', methodParameterTypes = '']
    => java.lang.AssertionError: 
Expected:
  true
but:
  was false
       org.zwobble.precisely.AssertThat.assertThat(AssertThat.java:15)
       com.example.prefix.simple.SimpleTests.assertFalse(Unknown Source)
       java.base/jdk.internal.reflect.DirectMethodHandleAccessor.invoke(DirectMethodHandleAccessor.java:103)
       java.base/java.lang.reflect.Method.invoke(Method.java:580)
       org.junit.platform.commons.util.ReflectionUtils.invokeMethod(ReflectionUtils.java:725)
       org.junit.jupiter.engine.execution.MethodInvocation.proceed(MethodInvocation.java:60)
       org.junit.jupiter.engine.execution.InvocationInterceptorChain$ValidatingInvocation.proceed(InvocationInterceptorChain.java:131)
       org.junit.jupiter.engine.extension.TimeoutExtension.intercept(TimeoutExtension.java:149)
       org.junit.jupiter.engine.extension.TimeoutExtension.interceptTestableMethod(TimeoutExtension.java:140)
       org.junit.jupiter.engine.extension.TimeoutExtension.interceptTestMethod(TimeoutExtension.java:84)
       [...]

Test run finished after TIME ms
[         3 containers found      ]
[         0 containers skipped    ]
[         3 containers started    ]
[         0 containers aborted    ]
[         3 containers successful ]
[         0 containers failed     ]
[         1 tests found           ]
[         0 tests skipped         ]
[         1 tests started         ]
[         0 tests aborted         ]
[         0 tests successful      ]
[         1 tests failed          ]
