Source path: src/documents.clunk
sealed interface DocumentElement {
}

record Bookmark(name: String) <: DocumentElement

record BreakLine() <: DocumentElement

record BreakPage() <: DocumentElement

record BreakColumn() <: DocumentElement




==============

Output path: org/zwobble/mammoth/internal/documents/Bookmark.java
package org.zwobble.mammoth.internal.documents;

public record Bookmark(String name) {
}

==============

Output path: org/zwobble/mammoth/internal/documents/BreakLine.java
package org.zwobble.mammoth.internal.documents;

public record BreakLine() {
}

==============

Output path: org/zwobble/mammoth/internal/documents/BreakPage.java
package org.zwobble.mammoth.internal.documents;

public record BreakPage() {
}

==============

Output path: org/zwobble/mammoth/internal/documents/BreakColumn.java
package org.zwobble.mammoth.internal.documents;

public record BreakColumn() {
}

==============

╷
├─ JUnit Jupiter ✔
└─ JUnit Vintage ✔

Test run finished after TIME ms
[         2 containers found      ]
[         0 containers skipped    ]
[         2 containers started    ]
[         0 containers aborted    ]
[         2 containers successful ]
[         0 containers failed     ]
[         0 tests found           ]
[         0 tests skipped         ]
[         0 tests started         ]
[         0 tests aborted         ]
[         0 tests successful      ]
[         0 tests failed          ]
