Source path: src/switches.test.clunk
import stdlib/assertions.assertThat;
import stdlib/matchers.equalTo;

sealed interface Node {
}

record Add(left: Node, right: Node) <: Node

record Literal(value: Int) <: Node

test "sum" {
    var node = Add(Add(Literal(2), Literal(7)), Literal(3));

    var result = evaluate(node);

    assertThat(result, equalTo(12));
}

fun evaluate(node: Node) -> Int {
    switch (node) {
        case Add {
            return evaluate(node.left) + evaluate(node.right);
        }
        case Literal {
            return node.value;
        }
    }
}


==============

Output path: switches/Node.java
package switches;

public sealed interface Node permits Add, Literal {
    <T> T accept(Visitor<T> visitor);
    public interface Visitor<T> {
        T visit(Add add);
        T visit(Literal literal);
    }
}


==============

Output path: switches/Add.java
package switches;

public record Add(Node left, Node right) implements switches.Node {
    public <T> T accept(switches.Node.Visitor<T> visitor) {
        return visitor.visit(this);
    }
}

==============

Output path: switches/Literal.java
package switches;

public record Literal(int value) implements switches.Node {
    public <T> T accept(switches.Node.Visitor<T> visitor) {
        return visitor.visit(this);
    }
}

==============

Output path: switches/SwitchesTests.java
package switches;

import switches.Literal;
import switches.Add;
import static org.hamcrest.MatcherAssert.assertThat;
import static org.hamcrest.Matchers.equalTo;
import switches.Node;

public class SwitchesTests {
    @org.junit.jupiter.api.Test
    @org.junit.jupiter.api.DisplayName("sum")
    public void sum() {
        var node = new Add(new Add(new Literal(2), new Literal(7)), new Literal(3));

        var result = evaluate(node);

        assertThat(result, equalTo(12));
    }
    public static int evaluate(Node node) {
        return node.accept(new Node.Visitor<>() {
            @Override
            public Integer visit(Add node) {
                return evaluate(node.left()) + evaluate(node.right());
            }
            @Override
            public Integer visit(Literal node) {
                return node.value();
            }
        });
    }
}

==============

╷
├─ JUnit Jupiter ✔
│  └─ SwitchesTests ✔
│     └─ sum ✔
└─ JUnit Vintage ✔

Test run finished after TIME ms
[         3 containers found      ]
[         0 containers skipped    ]
[         3 containers started    ]
[         0 containers aborted    ]
[         3 containers successful ]
[         0 containers failed     ]
[         1 tests found           ]
[         0 tests skipped         ]
[         1 tests started         ]
[         0 tests aborted         ]
[         1 tests successful      ]
[         0 tests failed          ]
