Source path: src/varStatements.test.clunk
import stdlib/assertions.assertThat;
import stdlib/matchers.equalTo;

test "var statement" {
    var result = 5;

    assertThat(result, equalTo(5));
}


==============

Output path: varStatements.test.ts
import {deepEqualTo} from "@mwilliamson/precisely";
import {assertThat} from "@mwilliamson/precisely";

test("var statement", function () {
    let result = 5;

    assertThat(result, deepEqualTo(5));
});


==============



  ✔ var statement

  1 passing (TIME)
