Source path: src/recordsTest.clunk
import stdlib/assertions.assertThat;
import stdlib/matchers.equalTo;

record Add(left: Int, right: Int) {
    property sum: Int {
        //return left + right;
        return 5;
    }
}

test "assert field" {
    var add = Add(2, 3);

    assertThat(add.left, equalTo(2));
    assertThat(add.right, equalTo(3));
}

test "assert sum" {
    var add = Add(2, 3);

    var result = add.sum;

    assertThat(result, equalTo(5));
}


==============

Output path: recordsTest.ts
import {assertThat} from "@mwilliamson/precisely";
import {equalTo} from "@mwilliamson/precisely";

class Add {
    readonly left: number;
    readonly right: number;

    constructor(left: number, right: number) {
        this.left = left;
        this.right = right;
    }
    get sum(): number {
        return 5;
    }
}

test("assert field", function () {
    let add = new Add(2, 3);

    assertThat(add.left, equalTo(2));
    assertThat(add.right, equalTo(3));
});

test("assert sum", function () {
    let add = new Add(2, 3);

    let result = add.sum;

    assertThat(result, equalTo(5));
});


==============



  ✔ assert field
  ✔ assert sum

  2 passing (TIME)
