Source path: src/SimpleTest.clunk
import stdlib/assertions.assertThat;
import stdlib/matchers.equalTo;

test "assert False" {
    assertThat(false, equalTo(true));
}

test "assert True" {
    assertThat(true, equalTo(false));
}

test "assert 42 == 47" {
    assertThat(42, equalTo(47));
}

test "assert 42 == 42" {
    assertThat(42, equalTo(42));
}


==============

Output path: SimpleTest.ts
import {assertThat} from "@mwilliamson/precisely";
import {equalTo} from "@mwilliamson/precisely";
(test)("assert False", function () {
    (assertThat)(false, (equalTo)(true));
});
(test)("assert True", function () {
    (assertThat)(true, (equalTo)(false));
});
(test)("assert 42 == 47", function () {
    (assertThat)(42, (equalTo)(47));
});
(test)("assert 42 == 42", function () {
    (assertThat)(42, (equalTo)(42));
});


==============

